// Jest Snapshot v1, https://goo.gl/fbAQLP

exports[`<Plant></Plant> should render the component 1`] = `
<div
  class="w-full md:w-1/2 lg:w-1/3"
>
  <div
    class="plant relative"
  >
    <span
      class="absolute bottom-2 right-2 text-sm text-slate-400 "
    >
      Not synced 
      <svg
        aria-hidden="true"
        class="align-sub h-5 w-5 inline-block"
        data-slot="icon"
        fill="currentColor"
        viewBox="0 0 24 24"
        xmlns="http://www.w3.org/2000/svg"
      >
        <path
          d="M18 1.5c2.9 0 5.25 2.35 5.25 5.25v3.75a.75.75 0 0 1-1.5 0V6.75a3.75 3.75 0 1 0-7.5 0v3a3 3 0 0 1 3 3v6.75a3 3 0 0 1-3 3H3.75a3 3 0 0 1-3-3v-6.75a3 3 0 0 1 3-3h9v-3c0-2.9 2.35-5.25 5.25-5.25Z"
        />
      </svg>
    </span>
    <img
      alt=""
      class="image bg-slate-200"
      src="/plants/test"
    />
    <div
      class="details"
    >
      <a
        class="editBtn"
        href="/output/edit/device/output"
      >
        <svg
          aria-hidden="true"
          class="h-5 w-5 text-slate-300 absolute top-2 right-2"
          data-slot="icon"
          fill="currentColor"
          viewBox="0 0 24 24"
          xmlns="http://www.w3.org/2000/svg"
        >
          <path
            clip-rule="evenodd"
            d="M11.078 2.25c-.917 0-1.699.663-1.85 1.567L9.05 4.889c-.02.12-.115.26-.297.348a7.493 7.493 0 0 0-.986.57c-.166.115-.334.126-.45.083L6.3 5.508a1.875 1.875 0 0 0-2.282.819l-.922 1.597a1.875 1.875 0 0 0 .432 2.385l.84.692c.095.078.17.229.154.43a7.598 7.598 0 0 0 0 1.139c.015.2-.059.352-.153.43l-.841.692a1.875 1.875 0 0 0-.432 2.385l.922 1.597a1.875 1.875 0 0 0 2.282.818l1.019-.382c.115-.043.283-.031.45.082.312.214.641.405.985.57.182.088.277.228.297.35l.178 1.071c.151.904.933 1.567 1.85 1.567h1.844c.916 0 1.699-.663 1.85-1.567l.178-1.072c.02-.12.114-.26.297-.349.344-.165.673-.356.985-.57.167-.114.335-.125.45-.082l1.02.382a1.875 1.875 0 0 0 2.28-.819l.923-1.597a1.875 1.875 0 0 0-.432-2.385l-.84-.692c-.095-.078-.17-.229-.154-.43a7.614 7.614 0 0 0 0-1.139c-.016-.2.059-.352.153-.43l.84-.692c.708-.582.891-1.59.433-2.385l-.922-1.597a1.875 1.875 0 0 0-2.282-.818l-1.02.382c-.114.043-.282.031-.449-.083a7.49 7.49 0 0 0-.985-.57c-.183-.087-.277-.227-.297-.348l-.179-1.072a1.875 1.875 0 0 0-1.85-1.567h-1.843ZM12 15.75a3.75 3.75 0 1 0 0-7.5 3.75 3.75 0 0 0 0 7.5Z"
            fill-rule="evenodd"
          />
        </svg>
      </a>
      <h5
        class="title"
      >
        test
      </h5>
      <div
        class="form flex gap-3 mb-3 font-normal text-gray-700"
      >
        <div
          class="flex items-center"
        >
          <input
            class="unit"
            type="number"
            value="5"
          />
          <span
            class="unit-label"
          >
            ml
          </span>
        </div>
        <button
          class="waterBtn btn bg-emerald-700"
        >
          Water
        </button>
      </div>
    </div>
  </div>
</div>
`;
